Archive member included to satisfy reference by file (symbol)

c:/users/dreamy/desktop/ac6/systemworkbench/plugins/fr.ac6.mcu.externaltools.arm-none.win32_1.13.3.201707031232/tools/compiler/bin/../lib/gcc/arm-none-eabi/5.4.1/../../../../arm-none-eabi/lib/armv7e-m/fpu\libc_nano.a(lib_a-exit.o)
                              c:/users/dreamy/desktop/ac6/systemworkbench/plugins/fr.ac6.mcu.externaltools.arm-none.win32_1.13.3.201707031232/tools/compiler/bin/../lib/gcc/arm-none-eabi/5.4.1/../../../../arm-none-eabi/lib/armv7e-m/fpu/crt0.o (exit)
c:/users/dreamy/desktop/ac6/systemworkbench/plugins/fr.ac6.mcu.externaltools.arm-none.win32_1.13.3.201707031232/tools/compiler/bin/../lib/gcc/arm-none-eabi/5.4.1/../../../../arm-none-eabi/lib/armv7e-m/fpu\libc_nano.a(lib_a-impure.o)
                              c:/users/dreamy/desktop/ac6/systemworkbench/plugins/fr.ac6.mcu.externaltools.arm-none.win32_1.13.3.201707031232/tools/compiler/bin/../lib/gcc/arm-none-eabi/5.4.1/../../../../arm-none-eabi/lib/armv7e-m/fpu\libc_nano.a(lib_a-exit.o) (_global_impure_ptr)
c:/users/dreamy/desktop/ac6/systemworkbench/plugins/fr.ac6.mcu.externaltools.arm-none.win32_1.13.3.201707031232/tools/compiler/bin/../lib/gcc/arm-none-eabi/5.4.1/../../../../arm-none-eabi/lib/armv7e-m/fpu\libc_nano.a(lib_a-init.o)
                              c:/users/dreamy/desktop/ac6/systemworkbench/plugins/fr.ac6.mcu.externaltools.arm-none.win32_1.13.3.201707031232/tools/compiler/bin/../lib/gcc/arm-none-eabi/5.4.1/../../../../arm-none-eabi/lib/armv7e-m/fpu/crt0.o (__libc_init_array)
c:/users/dreamy/desktop/ac6/systemworkbench/plugins/fr.ac6.mcu.externaltools.arm-none.win32_1.13.3.201707031232/tools/compiler/bin/../lib/gcc/arm-none-eabi/5.4.1/../../../../arm-none-eabi/lib/armv7e-m/fpu\libc_nano.a(lib_a-memset.o)
                              c:/users/dreamy/desktop/ac6/systemworkbench/plugins/fr.ac6.mcu.externaltools.arm-none.win32_1.13.3.201707031232/tools/compiler/bin/../lib/gcc/arm-none-eabi/5.4.1/../../../../arm-none-eabi/lib/armv7e-m/fpu/crt0.o (memset)
c:/users/dreamy/desktop/ac6/systemworkbench/plugins/fr.ac6.mcu.externaltools.arm-none.win32_1.13.3.201707031232/tools/compiler/bin/../lib/gcc/arm-none-eabi/5.4.1/../../../../arm-none-eabi/lib/armv7e-m/fpu\libc_nano.a(lib_a-sprintf.o)
                              Src/main.o (sprintf)
c:/users/dreamy/desktop/ac6/systemworkbench/plugins/fr.ac6.mcu.externaltools.arm-none.win32_1.13.3.201707031232/tools/compiler/bin/../lib/gcc/arm-none-eabi/5.4.1/../../../../arm-none-eabi/lib/armv7e-m/fpu\libc_nano.a(lib_a-nano-svfprintf.o)
                              c:/users/dreamy/desktop/ac6/systemworkbench/plugins/fr.ac6.mcu.externaltools.arm-none.win32_1.13.3.201707031232/tools/compiler/bin/../lib/gcc/arm-none-eabi/5.4.1/../../../../arm-none-eabi/lib/armv7e-m/fpu\libc_nano.a(lib_a-sprintf.o) (_svfprintf_r)
c:/users/dreamy/desktop/ac6/systemworkbench/plugins/fr.ac6.mcu.externaltools.arm-none.win32_1.13.3.201707031232/tools/compiler/bin/../lib/gcc/arm-none-eabi/5.4.1/../../../../arm-none-eabi/lib/armv7e-m/fpu\libc_nano.a(lib_a-nano-vfprintf_i.o)
                              c:/users/dreamy/desktop/ac6/systemworkbench/plugins/fr.ac6.mcu.externaltools.arm-none.win32_1.13.3.201707031232/tools/compiler/bin/../lib/gcc/arm-none-eabi/5.4.1/../../../../arm-none-eabi/lib/armv7e-m/fpu\libc_nano.a(lib_a-nano-svfprintf.o) (_printf_i)
c:/users/dreamy/desktop/ac6/systemworkbench/plugins/fr.ac6.mcu.externaltools.arm-none.win32_1.13.3.201707031232/tools/compiler/bin/../lib/gcc/arm-none-eabi/5.4.1/../../../../arm-none-eabi/lib/armv7e-m/fpu\libc_nano.a(lib_a-memchr.o)
                              c:/users/dreamy/desktop/ac6/systemworkbench/plugins/fr.ac6.mcu.externaltools.arm-none.win32_1.13.3.201707031232/tools/compiler/bin/../lib/gcc/arm-none-eabi/5.4.1/../../../../arm-none-eabi/lib/armv7e-m/fpu\libc_nano.a(lib_a-nano-svfprintf.o) (memchr)
c:/users/dreamy/desktop/ac6/systemworkbench/plugins/fr.ac6.mcu.externaltools.arm-none.win32_1.13.3.201707031232/tools/compiler/bin/../lib/gcc/arm-none-eabi/5.4.1/../../../../arm-none-eabi/lib/armv7e-m/fpu\libc_nano.a(lib_a-memcpy-stub.o)
                              c:/users/dreamy/desktop/ac6/systemworkbench/plugins/fr.ac6.mcu.externaltools.arm-none.win32_1.13.3.201707031232/tools/compiler/bin/../lib/gcc/arm-none-eabi/5.4.1/../../../../arm-none-eabi/lib/armv7e-m/fpu\libc_nano.a(lib_a-nano-svfprintf.o) (memcpy)
c:/users/dreamy/desktop/ac6/systemworkbench/plugins/fr.ac6.mcu.externaltools.arm-none.win32_1.13.3.201707031232/tools/compiler/bin/../lib/gcc/arm-none-eabi/5.4.1/../../../../arm-none-eabi/lib/armv7e-m/fpu\libc_nano.a(lib_a-memmove.o)
                              c:/users/dreamy/desktop/ac6/systemworkbench/plugins/fr.ac6.mcu.externaltools.arm-none.win32_1.13.3.201707031232/tools/compiler/bin/../lib/gcc/arm-none-eabi/5.4.1/../../../../arm-none-eabi/lib/armv7e-m/fpu\libc_nano.a(lib_a-nano-svfprintf.o) (memmove)
[...]
Memory Configuration

Name             Origin             Length             Attributes
RAM              0x20000000         0x00020000         xrw
CCMRAM           0x10000000         0x00010000         rw
FLASH            0x08000000         0x00100000         xr
*default*        0x00000000         0xffffffff

Linker script and memory map

LOAD c:/users/dreamy/desktop/ac6/systemworkbench/plugins/fr.ac6.mcu.externaltools.arm-none.win32_1.13.3.201707031232/tools/compiler/bin/../lib/gcc/arm-none-eabi/5.4.1/armv7e-m/fpu/crti.o
LOAD c:/users/dreamy/desktop/ac6/systemworkbench/plugins/fr.ac6.mcu.externaltools.arm-none.win32_1.13.3.201707031232/tools/compiler/bin/../lib/gcc/arm-none-eabi/5.4.1/armv7e-m/fpu/crtbegin.o
LOAD c:/users/dreamy/desktop/ac6/systemworkbench/plugins/fr.ac6.mcu.externaltools.arm-none.win32_1.13.3.201707031232/tools/compiler/bin/../lib/gcc/arm-none-eabi/5.4.1/../../../../arm-none-eabi/lib/armv7e-m/fpu/crt0.o
LOAD Drivers/STM32F4xx_HAL_Driver/Src/stm32f4xx_hal.o
LOAD Drivers/STM32F4xx_HAL_Driver/Src/stm32f4xx_hal_cortex.o
LOAD Drivers/STM32F4xx_HAL_Driver/Src/stm32f4xx_hal_dma.o
LOAD Drivers/STM32F4xx_HAL_Driver/Src/stm32f4xx_hal_dma_ex.o
LOAD Drivers/STM32F4xx_HAL_Driver/Src/stm32f4xx_hal_flash.o
LOAD Drivers/STM32F4xx_HAL_Driver/Src/stm32f4xx_hal_flash_ex.o
LOAD Drivers/STM32F4xx_HAL_Driver/Src/stm32f4xx_hal_flash_ramfunc.o
LOAD Drivers/STM32F4xx_HAL_Driver/Src/stm32f4xx_hal_gpio.o
LOAD Drivers/STM32F4xx_HAL_Driver/Src/stm32f4xx_hal_pwr.o
LOAD Drivers/STM32F4xx_HAL_Driver/Src/stm32f4xx_hal_pwr_ex.o
LOAD Drivers/STM32F4xx_HAL_Driver/Src/stm32f4xx_hal_rcc.o
LOAD Drivers/STM32F4xx_HAL_Driver/Src/stm32f4xx_hal_rcc_ex.o
LOAD Drivers/STM32F4xx_HAL_Driver/Src/stm32f4xx_hal_tim.o
LOAD Drivers/STM32F4xx_HAL_Driver/Src/stm32f4xx_hal_tim_ex.o
LOAD Drivers/STM32F4xx_HAL_Driver/Src/stm32f4xx_hal_uart.o
LOAD Src/dwt_stm32_delay.o
LOAD Src/main.o
LOAD Src/stm32f4xx_hal_msp.o
LOAD Src/stm32f4xx_it.o
LOAD Src/system_stm32f4xx.o
LOAD startup/startup_stm32f407xx.o
LOAD c:/users/dreamy/desktop/ac6/systemworkbench/plugins/fr.ac6.mcu.externaltools.arm-none.win32_1.13.3.201707031232/tools/compiler/bin/../lib/gcc/arm-none-eabi/5.4.1/../../../../arm-none-eabi/lib/armv7e-m/fpu\libm.a
START GROUP
LOAD c:/users/dreamy/desktop/ac6/systemworkbench/plugins/fr.ac6.mcu.externaltools.arm-none.win32_1.13.3.201707031232/tools/compiler/bin/../lib/gcc/arm-none-eabi/5.4.1/armv7e-m/fpu\libgcc.a
LOAD c:/users/dreamy/desktop/ac6/systemworkbench/plugins/fr.ac6.mcu.externaltools.arm-none.win32_1.13.3.201707031232/tools/compiler/bin/../lib/gcc/arm-none-eabi/5.4.1/../../../../arm-none-eabi/lib/armv7e-m/fpu\libc_nano.a
END GROUP
START GROUP
LOAD c:/users/dreamy/desktop/ac6/systemworkbench/plugins/fr.ac6.mcu.externaltools.arm-none.win32_1.13.3.201707031232/tools/compiler/bin/../lib/gcc/arm-none-eabi/5.4.1/armv7e-m/fpu\libgcc.a
LOAD c:/users/dreamy/desktop/ac6/systemworkbench/plugins/fr.ac6.mcu.externaltools.arm-none.win32_1.13.3.201707031232/tools/compiler/bin/../lib/gcc/arm-none-eabi/5.4.1/../../../../arm-none-eabi/lib/armv7e-m/fpu\libc_nano.a
LOAD c:/users/dreamy/desktop/ac6/systemworkbench/plugins/fr.ac6.mcu.externaltools.arm-none.win32_1.13.3.201707031232/tools/compiler/bin/../lib/gcc/arm-none-eabi/5.4.1/../../../../arm-none-eabi/lib/armv7e-m/fpu\libnosys.a
END GROUP
START GROUP
LOAD c:/users/dreamy/desktop/ac6/systemworkbench/plugins/fr.ac6.mcu.externaltools.arm-none.win32_1.13.3.201707031232/tools/compiler/bin/../lib/gcc/arm-none-eabi/5.4.1/armv7e-m/fpu\libgcc.a
LOAD c:/users/dreamy/desktop/ac6/systemworkbench/plugins/fr.ac6.mcu.externaltools.arm-none.win32_1.13.3.201707031232/tools/compiler/bin/../lib/gcc/arm-none-eabi/5.4.1/../../../../arm-none-eabi/lib/armv7e-m/fpu\libc_nano.a
LOAD c:/users/dreamy/desktop/ac6/systemworkbench/plugins/fr.ac6.mcu.externaltools.arm-none.win32_1.13.3.201707031232/tools/compiler/bin/../lib/gcc/arm-none-eabi/5.4.1/../../../../arm-none-eabi/lib/armv7e-m/fpu\libnosys.a
END GROUP
LOAD c:/users/dreamy/desktop/ac6/systemworkbench/plugins/fr.ac6.mcu.externaltools.arm-none.win32_1.13.3.201707031232/tools/compiler/bin/../lib/gcc/arm-none-eabi/5.4.1/armv7e-m/fpu/crtend.o
LOAD c:/users/dreamy/desktop/ac6/systemworkbench/plugins/fr.ac6.mcu.externaltools.arm-none.win32_1.13.3.201707031232/tools/compiler/bin/../lib/gcc/arm-none-eabi/5.4.1/armv7e-m/fpu/crtn.o
                0x20020000                _estack = 0x20020000
                0x00000200                _Min_Heap_Size = 0x200
                0x00000400                _Min_Stack_Size = 0x400

.isr_vector     0x08000000      0x188
                0x08000000                . = ALIGN (0x4)
 *(.isr_vector)
 .isr_vector    0x08000000      0x188 startup/startup_stm32f407xx.o
                0x08000000                g_pfnVectors
                0x08000188                . = ALIGN (0x4)

.text           0x08000190     0x1f60
                0x08000190                . = ALIGN (0x4)
 *(.text)
 .text          0x08000190       0x5c c:/users/dreamy/desktop/ac6/systemworkbench/plugins/fr.ac6.mcu.externaltools.arm-none.win32_1.13.3.201707031232/tools/compiler/bin/../lib/gcc/arm-none-eabi/5.4.1/armv7e-m/fpu/crtbegin.o
 *fill*         0x080001ec        0x4 
 .text          0x080001f0       0xa0 c:/users/dreamy/desktop/ac6/systemworkbench/plugins/fr.ac6.mcu.externaltools.arm-none.win32_1.13.3.201707031232/tools/compiler/bin/../lib/gcc/arm-none-eabi/5.4.1/../../../../arm-none-eabi/lib/armv7e-m/fpu\libc_nano.a(lib_a-memchr.o)
                0x080001f0                memchr
 *(.text*)
 .text.HAL_InitTick
                0x08000290       0x2c Drivers/STM32F4xx_HAL_Driver/Src/stm32f4xx_hal.o
                0x08000290                HAL_InitTick
 .text.HAL_Init
                0x080002bc       0x34 Drivers/STM32F4xx_HAL_Driver/Src/stm32f4xx_hal.o
                0x080002bc                HAL_Init
 .text.HAL_IncTick
                0x080002f0       0x10 Drivers/STM32F4xx_HAL_Driver/Src/stm32f4xx_hal.o
                0x080002f0                HAL_IncTick
 .text.HAL_GetTick
                0x08000300        0xc Drivers/STM32F4xx_HAL_Driver/Src/stm32f4xx_hal.o
                0x08000300                HAL_GetTick
 .text.HAL_Delay
                0x0800030c       0x24 Drivers/STM32F4xx_HAL_Driver/Src/stm32f4xx_hal.o
                0x0800030c                HAL_Delay
 .text.HAL_NVIC_SetPriorityGrouping
                0x08000330       0x24 Drivers/STM32F4xx_HAL_Driver/Src/stm32f4xx_hal_cortex.o
                0x08000330                HAL_NVIC_SetPriorityGrouping
 .text.HAL_NVIC_SetPriority
                0x08000354       0x64 Drivers/STM32F4xx_HAL_Driver/Src/stm32f4xx_hal_cortex.o
                0x08000354                HAL_NVIC_SetPriority
 .text.HAL_SYSTICK_Config
                0x080003b8       0x2c Drivers/STM32F4xx_HAL_Driver/Src/stm32f4xx_hal_cortex.o
                0x080003b8                HAL_SYSTICK_Config
 .text.HAL_SYSTICK_CLKSourceConfig
                0x080003e4       0x20 Drivers/STM32F4xx_HAL_Driver/Src/stm32f4xx_hal_cortex.o
                0x080003e4                HAL_SYSTICK_CLKSourceConfig
 .text.HAL_SYSTICK_Callback
                0x08000404        0x4 Drivers/STM32F4xx_HAL_Driver/Src/stm32f4xx_hal_cortex.o
                0x08000404                HAL_SYSTICK_Callback
 .text.HAL_SYSTICK_IRQHandler
                0x08000408        0x8 Drivers/STM32F4xx_HAL_Driver/Src/stm32f4xx_hal_cortex.o
                0x08000408                HAL_SYSTICK_IRQHandler
 .text.HAL_GPIO_Init
                0x08000410      0x1c0 Drivers/STM32F4xx_HAL_Driver/Src/stm32f4xx_hal_gpio.o
                0x08000410                HAL_GPIO_Init
 .text.HAL_GPIO_ReadPin
                0x080005d0       0x10 Drivers/STM32F4xx_HAL_Driver/Src/stm32f4xx_hal_gpio.o
                0x080005d0                HAL_GPIO_ReadPin
 .text.HAL_GPIO_WritePin
                0x080005e0        0xc Drivers/STM32F4xx_HAL_Driver/Src/stm32f4xx_hal_gpio.o
                0x080005e0                HAL_GPIO_WritePin
 .text.HAL_GPIO_TogglePin
                0x080005ec        0x8 Drivers/STM32F4xx_HAL_Driver/Src/stm32f4xx_hal_gpio.o
                0x080005ec                HAL_GPIO_TogglePin
 .text.HAL_RCC_OscConfig
                0x080005f4      0x3c8 Drivers/STM32F4xx_HAL_Driver/Src/stm32f4xx_hal_rcc.o
                0x080005f4                HAL_RCC_OscConfig
 .text.HAL_RCC_GetSysClockFreq
                0x080009bc       0xa4 Drivers/STM32F4xx_HAL_Driver/Src/stm32f4xx_hal_rcc.o
                0x080009bc                HAL_RCC_GetSysClockFreq
 .text.HAL_RCC_ClockConfig
                0x08000a60      0x1b0 Drivers/STM32F4xx_HAL_Driver/Src/stm32f4xx_hal_rcc.o
                0x08000a60                HAL_RCC_ClockConfig
 .text.HAL_RCC_GetHCLKFreq
                0x08000c10        0xc Drivers/STM32F4xx_HAL_Driver/Src/stm32f4xx_hal_rcc.o
                0x08000c10                HAL_RCC_GetHCLKFreq
 .text.HAL_RCC_GetPCLK1Freq
                0x08000c1c       0x30 Drivers/STM32F4xx_HAL_Driver/Src/stm32f4xx_hal_rcc.o
                0x08000c1c                HAL_RCC_GetPCLK1Freq
 .text.HAL_RCC_GetPCLK2Freq
                0x08000c4c       0x30 Drivers/STM32F4xx_HAL_Driver/Src/stm32f4xx_hal_rcc.o
                0x08000c4c                HAL_RCC_GetPCLK2Freq
 .text.UART_SetConfig
                0x08000c7c      0x32c Drivers/STM32F4xx_HAL_Driver/Src/stm32f4xx_hal_uart.o
 .text.UART_WaitOnFlagUntilTimeout
                0x08000fa8       0x68 Drivers/STM32F4xx_HAL_Driver/Src/stm32f4xx_hal_uart.o
 .text.HAL_UART_Init
                0x08001010       0x64 Drivers/STM32F4xx_HAL_Driver/Src/stm32f4xx_hal_uart.o
                0x08001010                HAL_UART_Init
 .text.HAL_UART_Transmit
                0x08001074       0xe4 Drivers/STM32F4xx_HAL_Driver/Src/stm32f4xx_hal_uart.o
                0x08001074                HAL_UART_Transmit
 .text.MX_GPIO_Init
                0x08001158      0x238 Src/main.o
 .text._Error_Handler
                0x08001390        0x4 Src/main.o
                0x08001390                _Error_Handler
 .text.MX_USART2_UART_Init
                0x08001394       0x3c Src/main.o
 .text.SystemClock_Config
                0x080013d0       0xc4 Src/main.o
                0x080013d0                SystemClock_Config
 .text.main     0x08001494      0x238 Src/main.o
                0x08001494                main
 .text.HAL_MspInit
                0x080016cc       0x60 Src/stm32f4xx_hal_msp.o
                0x080016cc                HAL_MspInit
 .text.HAL_UART_MspInit
                0x0800172c       0x54 Src/stm32f4xx_hal_msp.o
                0x0800172c                HAL_UART_MspInit
 .text.SysTick_Handler
                0x08001780        0xc Src/stm32f4xx_it.o
                0x08001780                SysTick_Handler
 .text.SystemInit
                0x0800178c       0x4c Src/system_stm32f4xx.o
                0x0800178c                SystemInit
 .text.Reset_Handler
                0x080017d8       0x50 startup/startup_stm32f407xx.o
                0x080017d8                Reset_Handler
 .text.Default_Handler
                0x08001828        0x2 startup/startup_stm32f407xx.o
                0x08001828                RTC_Alarm_IRQHandler
                0x08001828                HASH_RNG_IRQHandler
                0x08001828                EXTI2_IRQHandler
                0x08001828                TIM8_CC_IRQHandler
                0x08001828                DebugMon_Handler
                0x08001828                TIM1_CC_IRQHandler
                0x08001828                DMA2_Stream5_IRQHandler
                0x08001828                HardFault_Handler
                0x08001828                DMA1_Stream5_IRQHandler
                0x08001828                PVD_IRQHandler
                0x08001828                SDIO_IRQHandler
                0x08001828                TAMP_STAMP_IRQHandler
                0x08001828                PendSV_Handler
                0x08001828                NMI_Handler
                0x08001828                CAN2_RX1_IRQHandler
                0x08001828                EXTI3_IRQHandler
                0x08001828                TIM8_TRG_COM_TIM14_IRQHandler
                0x08001828                TIM1_UP_TIM10_IRQHandler
                0x08001828                TIM8_UP_TIM13_IRQHandler
                0x08001828                I2C3_ER_IRQHandler
                0x08001828                EXTI0_IRQHandler
                0x08001828                I2C2_EV_IRQHandler
                0x08001828                DMA1_Stream2_IRQHandler
                0x08001828                CAN1_RX0_IRQHandler
                0x08001828                FPU_IRQHandler
                0x08001828                OTG_HS_WKUP_IRQHandler
                0x08001828                UsageFault_Handler
                0x08001828                CAN2_SCE_IRQHandler
                0x08001828                DMA2_Stream2_IRQHandler
                0x08001828                SPI1_IRQHandler
                0x08001828                TIM6_DAC_IRQHandler
                0x08001828                TIM1_BRK_TIM9_IRQHandler
                0x08001828                DCMI_IRQHandler
                0x08001828                CAN2_RX0_IRQHandler
                0x08001828                DMA2_Stream3_IRQHandler
                0x08001828                USART6_IRQHandler
                0x08001828                USART3_IRQHandler
                0x08001828                CAN1_RX1_IRQHandler
                0x08001828                UART5_IRQHandler
                0x08001828                DMA2_Stream0_IRQHandler
                0x08001828                TIM4_IRQHandler
                0x08001828                I2C1_EV_IRQHandler
                0x08001828                DMA1_Stream6_IRQHandler
                0x08001828                DMA1_Stream1_IRQHandler
                0x08001828                UART4_IRQHandler
                0x08001828                TIM3_IRQHandler
                0x08001828                RCC_IRQHandler
                0x08001828                TIM8_BRK_TIM12_IRQHandler
                0x08001828                Default_Handler
                0x08001828                EXTI15_10_IRQHandler
                0x08001828                ADC_IRQHandler
                0x08001828                DMA1_Stream7_IRQHandler
                0x08001828                TIM7_IRQHandler
                0x08001828                CAN2_TX_IRQHandler
                0x08001828                TIM5_IRQHandler
                0x08001828                DMA2_Stream7_IRQHandler
                0x08001828                I2C3_EV_IRQHandler
                0x08001828                EXTI9_5_IRQHandler
                0x08001828                RTC_WKUP_IRQHandler
                0x08001828                ETH_WKUP_IRQHandler
                0x08001828                SPI2_IRQHandler
                0x08001828                OTG_HS_EP1_IN_IRQHandler
                0x08001828                MemManage_Handler
                0x08001828                DMA1_Stream0_IRQHandler
                0x08001828                CAN1_TX_IRQHandler
                0x08001828                SVC_Handler
                0x08001828                EXTI4_IRQHandler
                0x08001828                FSMC_IRQHandler
                0x08001828                ETH_IRQHandler
                0x08001828                OTG_HS_EP1_OUT_IRQHandler
                0x08001828                WWDG_IRQHandler
                0x08001828                TIM2_IRQHandler
                0x08001828                OTG_FS_WKUP_IRQHandler
                0x08001828                TIM1_TRG_COM_TIM11_IRQHandler
                0x08001828                OTG_HS_IRQHandler
                0x08001828                EXTI1_IRQHandler
                0x08001828                USART2_IRQHandler
                0x08001828                I2C2_ER_IRQHandler
                0x08001828                DMA2_Stream1_IRQHandler
                0x08001828                CAN1_SCE_IRQHandler
                0x08001828                FLASH_IRQHandler
                0x08001828                DMA2_Stream4_IRQHandler
                0x08001828                BusFault_Handler
                0x08001828                USART1_IRQHandler
                0x08001828                OTG_FS_IRQHandler
                0x08001828                SPI3_IRQHandler
                0x08001828                DMA1_Stream4_IRQHandler
                0x08001828                I2C1_ER_IRQHandler
                0x08001828                DMA2_Stream6_IRQHandler
                0x08001828                DMA1_Stream3_IRQHandler
 *fill*         0x0800182a        0x2 
 .text.__libc_init_array
                0x0800182c       0x4c c:/users/dreamy/desktop/ac6/systemworkbench/plugins/fr.ac6.mcu.externaltools.arm-none.win32_1.13.3.201707031232/tools/compiler/bin/../lib/gcc/arm-none-eabi/5.4.1/../../../../arm-none-eabi/lib/armv7e-m/fpu\libc_nano.a(lib_a-init.o)
                0x0800182c                __libc_init_array
 .text.sprintf  0x08001878       0x48 c:/users/dreamy/desktop/ac6/systemworkbench/plugins/fr.ac6.mcu.externaltools.arm-none.win32_1.13.3.201707031232/tools/compiler/bin/../lib/gcc/arm-none-eabi/5.4.1/../../../../arm-none-eabi/lib/armv7e-m/fpu\libc_nano.a(lib_a-sprintf.o)
                0x08001878                siprintf
                0x08001878                sprintf
 .text.__ssputs_r
                0x080018c0       0xb2 c:/users/dreamy/desktop/ac6/systemworkbench/plugins/fr.ac6.mcu.externaltools.arm-none.win32_1.13.3.201707031232/tools/compiler/bin/../lib/gcc/arm-none-eabi/5.4.1/../../../../arm-none-eabi/lib/armv7e-m/fpu\libc_nano.a(lib_a-nano-svfprintf.o)
                0x080018c0                __ssputs_r
 *fill*         0x08001972        0x2 
 .text._svfprintf_r
                0x08001974      0x1e8 c:/users/dreamy/desktop/ac6/systemworkbench/plugins/fr.ac6.mcu.externaltools.arm-none.win32_1.13.3.201707031232/tools/compiler/bin/../lib/gcc/arm-none-eabi/5.4.1/../../../../arm-none-eabi/lib/armv7e-m/fpu\libc_nano.a(lib_a-nano-svfprintf.o)
                0x08001974                _svfiprintf_r
                0x08001974                _svfprintf_r
 .text._printf_common
                0x08001b5c       0xec c:/users/dreamy/desktop/ac6/systemworkbench/plugins/fr.ac6.mcu.externaltools.arm-none.win32_1.13.3.201707031232/tools/compiler/bin/../lib/gcc/arm-none-eabi/5.4.1/../../../../arm-none-eabi/lib/armv7e-m/fpu\libc_nano.a(lib_a-nano-vfprintf_i.o)
                0x08001b5c                _printf_common
 .text._printf_i
                0x08001c48      0x24c c:/users/dreamy/desktop/ac6/systemworkbench/plugins/fr.ac6.mcu.externaltools.arm-none.win32_1.13.3.201707031232/tools/compiler/bin/../lib/gcc/arm-none-eabi/5.4.1/../../../../arm-none-eabi/lib/armv7e-m/fpu\libc_nano.a(lib_a-nano-vfprintf_i.o)
                0x08001c48                _printf_i
 .text.memcpy   0x08001e94       0x16 c:/users/dreamy/desktop/ac6/systemworkbench/plugins/fr.ac6.mcu.externaltools.arm-none.win32_1.13.3.201707031232/tools/compiler/bin/../lib/gcc/arm-none-eabi/5.4.1/../../../../arm-none-eabi/lib/armv7e-m/fpu\libc_nano.a(lib_a-memcpy-stub.o)
                0x08001e94                memcpy
 .text.memmove  0x08001eaa       0x36 c:/users/dreamy/desktop/ac6/systemworkbench/plugins/fr.ac6.mcu.externaltools.arm-none.win32_1.13.3.201707031232/tools/compiler/bin/../lib/gcc/arm-none-eabi/5.4.1/../../../../arm-none-eabi/lib/armv7e-m/fpu\libc_nano.a(lib_a-memmove.o)
                0x08001eaa                memmove
 .text._free_r  0x08001ee0       0x9c c:/users/dreamy/desktop/ac6/systemworkbench/plugins/fr.ac6.mcu.externaltools.arm-none.win32_1.13.3.201707031232/tools/compiler/bin/../lib/gcc/arm-none-eabi/5.4.1/../../../../arm-none-eabi/lib/armv7e-m/fpu\libc_nano.a(lib_a-nano-freer.o)
                0x08001ee0                _free_r
 .text._malloc_r
                0x08001f7c       0xbc c:/users/dreamy/desktop/ac6/systemworkbench/plugins/fr.ac6.mcu.externaltools.arm-none.win32_1.13.3.201707031232/tools/compiler/bin/../lib/gcc/arm-none-eabi/5.4.1/../../../../arm-none-eabi/lib/armv7e-m/fpu\libc_nano.a(lib_a-nano-mallocr.o)
                0x08001f7c                _malloc_r
 .text._realloc_r
                0x08002038       0x4c c:/users/dreamy/desktop/ac6/systemworkbench/plugins/fr.ac6.mcu.externaltools.arm-none.win32_1.13.3.201707031232/tools/compiler/bin/../lib/gcc/arm-none-eabi/5.4.1/../../../../arm-none-eabi/lib/armv7e-m/fpu\libc_nano.a(lib_a-nano-reallocr.o)
                0x08002038                _realloc_r
 .text._sbrk_r  0x08002084       0x20 c:/users/dreamy/desktop/ac6/systemworkbench/plugins/fr.ac6.mcu.externaltools.arm-none.win32_1.13.3.201707031232/tools/compiler/bin/../lib/gcc/arm-none-eabi/5.4.1/../../../../arm-none-eabi/lib/armv7e-m/fpu\libc_nano.a(lib_a-sbrkr.o)
                0x08002084                _sbrk_r
 .text.__malloc_lock
                0x080020a4        0x2 c:/users/dreamy/desktop/ac6/systemworkbench/plugins/fr.ac6.mcu.externaltools.arm-none.win32_1.13.3.201707031232/tools/compiler/bin/../lib/gcc/arm-none-eabi/5.4.1/../../../../arm-none-eabi/lib/armv7e-m/fpu\libc_nano.a(lib_a-mlock.o)
                0x080020a4                __malloc_lock
 .text.__malloc_unlock
                0x080020a6        0x2 c:/users/dreamy/desktop/ac6/systemworkbench/plugins/fr.ac6.mcu.externaltools.arm-none.win32_1.13.3.201707031232/tools/compiler/bin/../lib/gcc/arm-none-eabi/5.4.1/../../../../arm-none-eabi/lib/armv7e-m/fpu\libc_nano.a(lib_a-mlock.o)
                0x080020a6                __malloc_unlock
 .text._malloc_usable_size_r
                0x080020a8       0x14 c:/users/dreamy/desktop/ac6/systemworkbench/plugins/fr.ac6.mcu.externaltools.arm-none.win32_1.13.3.201707031232/tools/compiler/bin/../lib/gcc/arm-none-eabi/5.4.1/../../../../arm-none-eabi/lib/armv7e-m/fpu\libc_nano.a(lib_a-nano-msizer.o)
                0x080020a8                _malloc_usable_size_r
 .text._sbrk    0x080020bc       0x1c c:/users/dreamy/desktop/ac6/systemworkbench/plugins/fr.ac6.mcu.externaltools.arm-none.win32_1.13.3.201707031232/tools/compiler/bin/../lib/gcc/arm-none-eabi/5.4.1/../../../../arm-none-eabi/lib/armv7e-m/fpu\libnosys.a(sbrk.o)
                0x080020bc                _sbrk
 *(.glue_7)
 .glue_7        0x080020d8        0x0 linker stubs
 *(.glue_7t)
 .glue_7t       0x080020d8        0x0 linker stubs
 *(.eh_frame)
 .eh_frame      0x080020d8        0x0 c:/users/dreamy/desktop/ac6/systemworkbench/plugins/fr.ac6.mcu.externaltools.arm-none.win32_1.13.3.201707031232/tools/compiler/bin/../lib/gcc/arm-none-eabi/5.4.1/armv7e-m/fpu/crtbegin.o
 *(.init)
 .init          0x080020d8        0x4 c:/users/dreamy/desktop/ac6/systemworkbench/plugins/fr.ac6.mcu.externaltools.arm-none.win32_1.13.3.201707031232/tools/compiler/bin/../lib/gcc/arm-none-eabi/5.4.1/armv7e-m/fpu/crti.o
                0x080020d8                _init
 .init          0x080020dc        0x8 c:/users/dreamy/desktop/ac6/systemworkbench/plugins/fr.ac6.mcu.externaltools.arm-none.win32_1.13.3.201707031232/tools/compiler/bin/../lib/gcc/arm-none-eabi/5.4.1/armv7e-m/fpu/crtn.o
 *(.fini)
 .fini          0x080020e4        0x4 c:/users/dreamy/desktop/ac6/systemworkbench/plugins/fr.ac6.mcu.externaltools.arm-none.win32_1.13.3.201707031232/tools/compiler/bin/../lib/gcc/arm-none-eabi/5.4.1/armv7e-m/fpu/crti.o
                0x080020e4                _fini
 .fini          0x080020e8        0x8 c:/users/dreamy/desktop/ac6/systemworkbench/plugins/fr.ac6.mcu.externaltools.arm-none.win32_1.13.3.201707031232/tools/compiler/bin/../lib/gcc/arm-none-eabi/5.4.1/armv7e-m/fpu/crtn.o
                0x080020f0                . = ALIGN (0x4)
                0x080020f0                _etext = .

.vfp11_veneer   0x080020f0        0x0
 .vfp11_veneer  0x080020f0        0x0 linker stubs

.v4_bx          0x080020f0        0x0
 .v4_bx         0x080020f0        0x0 linker stubs

.iplt           0x080020f0        0x0
 .iplt          0x080020f0        0x0 c:/users/dreamy/desktop/ac6/systemworkbench/plugins/fr.ac6.mcu.externaltools.arm-none.win32_1.13.3.201707031232/tools/compiler/bin/../lib/gcc/arm-none-eabi/5.4.1/armv7e-m/fpu/crtbegin.o

.rodata         0x080020f0       0x64
                0x080020f0                . = ALIGN (0x4)
 *(.rodata)
 .rodata        0x080020f0       0x18 Src/system_stm32f4xx.o
                0x080020f0                AHBPrescTable
                0x08002100                APBPrescTable
 *(.rodata*)
 .rodata.str1.4
                0x08002108       0x18 Src/main.o
                                 0x16 (size before relaxing)
 .rodata.str1.1
                0x08002120       0x11 c:/users/dreamy/desktop/ac6/systemworkbench/plugins/fr.ac6.mcu.externaltools.arm-none.win32_1.13.3.201707031232/tools/compiler/bin/../lib/gcc/arm-none-eabi/5.4.1/../../../../arm-none-eabi/lib/armv7e-m/fpu\libc_nano.a(lib_a-nano-svfprintf.o)
 .rodata.str1.1
                0x08002131       0x22 c:/users/dreamy/desktop/ac6/systemworkbench/plugins/fr.ac6.mcu.externaltools.arm-none.win32_1.13.3.201707031232/tools/compiler/bin/../lib/gcc/arm-none-eabi/5.4.1/../../../../arm-none-eabi/lib/armv7e-m/fpu\libc_nano.a(lib_a-nano-vfprintf_i.o)
                0x08002154                . = ALIGN (0x4)
 *fill*         0x08002153        0x1 

.rel.dyn        0x08002154        0x0
 .rel.iplt      0x08002154        0x0 c:/users/dreamy/desktop/ac6/systemworkbench/plugins/fr.ac6.mcu.externaltools.arm-none.win32_1.13.3.201707031232/tools/compiler/bin/../lib/gcc/arm-none-eabi/5.4.1/armv7e-m/fpu/crtbegin.o

.ARM.extab
 *(.ARM.extab* .gnu.linkonce.armextab.*)

.ARM            0x08002154        0x0
                0x08002154                __exidx_start = .
 *(.ARM.exidx*)
                0x08002154                __exidx_end = .

.preinit_array  0x08002154        0x0
                0x08002154                PROVIDE (__preinit_array_start, .)
 *(.preinit_array*)
                0x08002154                PROVIDE (__preinit_array_end, .)

.init_array     0x08002154        0x4
                0x08002154                PROVIDE (__init_array_start, .)
 *(SORT(.init_array.*))
 *(.init_array*)
 .init_array    0x08002154        0x4 c:/users/dreamy/desktop/ac6/systemworkbench/plugins/fr.ac6.mcu.externaltools.arm-none.win32_1.13.3.201707031232/tools/compiler/bin/../lib/gcc/arm-none-eabi/5.4.1/armv7e-m/fpu/crtbegin.o
                0x08002158                PROVIDE (__init_array_end, .)

.fini_array     0x08002158        0x4
                [!provide]                PROVIDE (__fini_array_start, .)
 *(SORT(.fini_array.*))
 *(.fini_array*)
 .fini_array    0x08002158        0x4 c:/users/dreamy/desktop/ac6/systemworkbench/plugins/fr.ac6.mcu.externaltools.arm-none.win32_1.13.3.201707031232/tools/compiler/bin/../lib/gcc/arm-none-eabi/5.4.1/armv7e-m/fpu/crtbegin.o
                [!provide]                PROVIDE (__fini_array_end, .)
                0x0800215c                _sidata = LOADADDR (.data)

.data           0x20000000       0x68 load address 0x0800215c
                0x20000000                . = ALIGN (0x4)
                0x20000000                _sdata = .
 *(.data)
 .data          0x20000000        0x4 Src/system_stm32f4xx.o
                0x20000000                SystemCoreClock
 *(.data*)
 .data.impure_data
                0x20000004       0x60 c:/users/dreamy/desktop/ac6/systemworkbench/plugins/fr.ac6.mcu.externaltools.arm-none.win32_1.13.3.201707031232/tools/compiler/bin/../lib/gcc/arm-none-eabi/5.4.1/../../../../arm-none-eabi/lib/armv7e-m/fpu\libc_nano.a(lib_a-impure.o)
 .data._impure_ptr
                0x20000064        0x4 c:/users/dreamy/desktop/ac6/systemworkbench/plugins/fr.ac6.mcu.externaltools.arm-none.win32_1.13.3.201707031232/tools/compiler/bin/../lib/gcc/arm-none-eabi/5.4.1/../../../../arm-none-eabi/lib/armv7e-m/fpu\libc_nano.a(lib_a-impure.o)
                0x20000064                _impure_ptr
                0x20000068                . = ALIGN (0x4)
                0x20000068                _edata = .
                0x080021c4                _siccmram = LOADADDR (.ccmram)

.jcr            0x20000068        0x0 load address 0x080021c4
 .jcr           0x20000068        0x0 c:/users/dreamy/desktop/ac6/systemworkbench/plugins/fr.ac6.mcu.externaltools.arm-none.win32_1.13.3.201707031232/tools/compiler/bin/../lib/gcc/arm-none-eabi/5.4.1/armv7e-m/fpu/crtbegin.o

.igot.plt       0x20000068        0x0 load address 0x080021c4
 .igot.plt      0x20000068        0x0 c:/users/dreamy/desktop/ac6/systemworkbench/plugins/fr.ac6.mcu.externaltools.arm-none.win32_1.13.3.201707031232/tools/compiler/bin/../lib/gcc/arm-none-eabi/5.4.1/armv7e-m/fpu/crtbegin.o

.ccmram         0x10000000        0x0 load address 0x080021c4
                0x10000000                . = ALIGN (0x4)
                0x10000000                _sccmram = .
 *(.ccmram)
 *(.ccmram*)
                0x10000000                . = ALIGN (0x4)
                0x10000000                _eccmram = .
                0x10000000                . = ALIGN (0x4)

.bss            0x20000068       0xa0
                0x20000068                _sbss = .
                0x20000068                __bss_start__ = _sbss
 *(.bss)
 .bss           0x20000068       0x1c c:/users/dreamy/desktop/ac6/systemworkbench/plugins/fr.ac6.mcu.externaltools.arm-none.win32_1.13.3.201707031232/tools/compiler/bin/../lib/gcc/arm-none-eabi/5.4.1/armv7e-m/fpu/crtbegin.o
 .bss           0x20000084       0x24 Src/main.o
                0x20000084                E8
                0x20000088                E7
                0x2000008c                duration
                0x20000090                len_mmx100
                0x20000094                len_int
                0x20000098                len_frac
                0x2000009c                calibrate
                0x200000a0                status
                0x200000a4                in
 *(.bss*)
 .bss.__malloc_sbrk_start
                0x200000a8        0x4 c:/users/dreamy/desktop/ac6/systemworkbench/plugins/fr.ac6.mcu.externaltools.arm-none.win32_1.13.3.201707031232/tools/compiler/bin/../lib/gcc/arm-none-eabi/5.4.1/../../../../arm-none-eabi/lib/armv7e-m/fpu\libc_nano.a(lib_a-nano-mallocr.o)
                0x200000a8                __malloc_sbrk_start
 .bss.__malloc_free_list
                0x200000ac        0x4 c:/users/dreamy/desktop/ac6/systemworkbench/plugins/fr.ac6.mcu.externaltools.arm-none.win32_1.13.3.201707031232/tools/compiler/bin/../lib/gcc/arm-none-eabi/5.4.1/../../../../arm-none-eabi/lib/armv7e-m/fpu\libc_nano.a(lib_a-nano-mallocr.o)
                0x200000ac                __malloc_free_list
 .bss.heap_end.4169
                0x200000b0        0x4 c:/users/dreamy/desktop/ac6/systemworkbench/plugins/fr.ac6.mcu.externaltools.arm-none.win32_1.13.3.201707031232/tools/compiler/bin/../lib/gcc/arm-none-eabi/5.4.1/../../../../arm-none-eabi/lib/armv7e-m/fpu\libnosys.a(sbrk.o)
 *(COMMON)
 COMMON         0x200000b4        0x4 Drivers/STM32F4xx_HAL_Driver/Src/stm32f4xx_hal.o
                0x200000b4                uwTick
 COMMON         0x200000b8       0x4c Src/main.o
                0x200000b8                old_time
                0x200000bc                new_time
                0x200000c0                c
                0x200000c4                huart2
 COMMON         0x20000104        0x4 c:/users/dreamy/desktop/ac6/systemworkbench/plugins/fr.ac6.mcu.externaltools.arm-none.win32_1.13.3.201707031232/tools/compiler/bin/../lib/gcc/arm-none-eabi/5.4.1/../../../../arm-none-eabi/lib/armv7e-m/fpu\libc_nano.a(lib_a-reent.o)
                0x20000104                errno
                0x20000108                . = ALIGN (0x4)
                0x20000108                _ebss = .
                0x20000108                __bss_end__ = _ebss

._user_heap_stack
                0x20000108      0x600
                0x20000108                . = ALIGN (0x8)
                0x20000108                PROVIDE (end, .)
                [!provide]                PROVIDE (_end, .)
                0x20000308                . = (. + _Min_Heap_Size)
 *fill*         0x20000108      0x200 
                0x20000708                . = (. + _Min_Stack_Size)
 *fill*         0x20000308      0x400 
                0x20000708                . = ALIGN (0x8)

/DISCARD/
 libc.a(*)
 libm.a(*)
 libgcc.a(*)

.ARM.attributes
                0x00000000       0x30
 *(.ARM.attributes)
 .ARM.attributes
                0x00000000       0x22 c:/users/dreamy/desktop/ac6/systemworkbench/plugins/fr.ac6.mcu.externaltools.arm-none.win32_1.13.3.201707031232/tools/compiler/bin/../lib/gcc/arm-none-eabi/5.4.1/armv7e-m/fpu/crti.o
 .ARM.attributes
                0x00000022       0x34 c:/users/dreamy/desktop/ac6/systemworkbench/plugins/fr.ac6.mcu.externaltools.arm-none.win32_1.13.3.201707031232/tools/compiler/bin/../lib/gcc/arm-none-eabi/5.4.1/armv7e-m/fpu/crtbegin.o
 .ARM.attributes
                0x00000056       0x39 Drivers/STM32F4xx_HAL_Driver/Src/stm32f4xx_hal.o
 .ARM.attributes
                0x0000008f       0x39 Drivers/STM32F4xx_HAL_Driver/Src/stm32f4xx_hal_cortex.o
 .ARM.attributes
                0x000000c8       0x39 Drivers/STM32F4xx_HAL_Driver/Src/stm32f4xx_hal_gpio.o
 .ARM.attributes
                0x00000101       0x39 Drivers/STM32F4xx_HAL_Driver/Src/stm32f4xx_hal_rcc.o
 .ARM.attributes
                0x0000013a       0x39 Drivers/STM32F4xx_HAL_Driver/Src/stm32f4xx_hal_uart.o
 .ARM.attributes
                0x00000173       0x39 Src/main.o
 .ARM.attributes
                0x000001ac       0x39 Src/stm32f4xx_hal_msp.o
 .ARM.attributes
                0x000001e5       0x39 Src/stm32f4xx_it.o
 .ARM.attributes
                0x0000021e       0x39 Src/system_stm32f4xx.o
 .ARM.attributes
                0x00000257       0x21 startup/startup_stm32f407xx.o
 .ARM.attributes
                0x00000278       0x34 c:/users/dreamy/desktop/ac6/systemworkbench/plugins/fr.ac6.mcu.externaltools.arm-none.win32_1.13.3.201707031232/tools/compiler/bin/../lib/gcc/arm-none-eabi/5.4.1/../../../../arm-none-eabi/lib/armv7e-m/fpu\libc_nano.a(lib_a-impure.o)
 .ARM.attributes
                0x000002ac       0x34 c:/users/dreamy/desktop/ac6/systemworkbench/plugins/fr.ac6.mcu.externaltools.arm-none.win32_1.13.3.201707031232/tools/compiler/bin/../lib/gcc/arm-none-eabi/5.4.1/../../../../arm-none-eabi/lib/armv7e-m/fpu\libc_nano.a(lib_a-init.o)
 .ARM.attributes
                0x000002e0       0x34 c:/users/dreamy/desktop/ac6/systemworkbench/plugins/fr.ac6.mcu.externaltools.arm-none.win32_1.13.3.201707031232/tools/compiler/bin/../lib/gcc/arm-none-eabi/5.4.1/../../../../arm-none-eabi/lib/armv7e-m/fpu\libc_nano.a(lib_a-sprintf.o)
 .ARM.attributes
                0x00000314       0x34 c:/users/dreamy/desktop/ac6/systemworkbench/plugins/fr.ac6.mcu.externaltools.arm-none.win32_1.13.3.201707031232/tools/compiler/bin/../lib/gcc/arm-none-eabi/5.4.1/../../../../arm-none-eabi/lib/armv7e-m/fpu\libc_nano.a(lib_a-nano-svfprintf.o)
 .ARM.attributes
                0x00000348       0x34 c:/users/dreamy/desktop/ac6/systemworkbench/plugins/fr.ac6.mcu.externaltools.arm-none.win32_1.13.3.201707031232/tools/compiler/bin/../lib/gcc/arm-none-eabi/5.4.1/../../../../arm-none-eabi/lib/armv7e-m/fpu\libc_nano.a(lib_a-nano-vfprintf_i.o)
 .ARM.attributes
                0x0000037c       0x20 c:/users/dreamy/desktop/ac6/systemworkbench/plugins/fr.ac6.mcu.externaltools.arm-none.win32_1.13.3.201707031232/tools/compiler/bin/../lib/gcc/arm-none-eabi/5.4.1/../../../../arm-none-eabi/lib/armv7e-m/fpu\libc_nano.a(lib_a-memchr.o)
 .ARM.attributes
                0x0000039c       0x34 c:/users/dreamy/desktop/ac6/systemworkbench/plugins/fr.ac6.mcu.externaltools.arm-none.win32_1.13.3.201707031232/tools/compiler/bin/../lib/gcc/arm-none-eabi/5.4.1/../../../../arm-none-eabi/lib/armv7e-m/fpu\libc_nano.a(lib_a-memcpy-stub.o)
 .ARM.attributes
                0x000003d0       0x34 c:/users/dreamy/desktop/ac6/systemworkbench/plugins/fr.ac6.mcu.externaltools.arm-none.win32_1.13.3.201707031232/tools/compiler/bin/../lib/gcc/arm-none-eabi/5.4.1/../../../../arm-none-eabi/lib/armv7e-m/fpu\libc_nano.a(lib_a-memmove.o)
 .ARM.attributes
                0x00000404       0x34 c:/users/dreamy/desktop/ac6/systemworkbench/plugins/fr.ac6.mcu.externaltools.arm-none.win32_1.13.3.201707031232/tools/compiler/bin/../lib/gcc/arm-none-eabi/5.4.1/../../../../arm-none-eabi/lib/armv7e-m/fpu\libc_nano.a(lib_a-nano-freer.o)
 .ARM.attributes
                0x00000438       0x34 c:/users/dreamy/desktop/ac6/systemworkbench/plugins/fr.ac6.mcu.externaltools.arm-none.win32_1.13.3.201707031232/tools/compiler/bin/../lib/gcc/arm-none-eabi/5.4.1/../../../../arm-none-eabi/lib/armv7e-m/fpu\libc_nano.a(lib_a-nano-mallocr.o)
 .ARM.attributes
                0x0000046c       0x34 c:/users/dreamy/desktop/ac6/systemworkbench/plugins/fr.ac6.mcu.externaltools.arm-none.win32_1.13.3.201707031232/tools/compiler/bin/../lib/gcc/arm-none-eabi/5.4.1/../../../../arm-none-eabi/lib/armv7e-m/fpu\libc_nano.a(lib_a-nano-reallocr.o)
 .ARM.attributes
                0x000004a0       0x34 c:/users/dreamy/desktop/ac6/systemworkbench/plugins/fr.ac6.mcu.externaltools.arm-none.win32_1.13.3.201707031232/tools/compiler/bin/../lib/gcc/arm-none-eabi/5.4.1/../../../../arm-none-eabi/lib/armv7e-m/fpu\libc_nano.a(lib_a-sbrkr.o)
 .ARM.attributes
                0x000004d4       0x34 c:/users/dreamy/desktop/ac6/systemworkbench/plugins/fr.ac6.mcu.externaltools.arm-none.win32_1.13.3.201707031232/tools/compiler/bin/../lib/gcc/arm-none-eabi/5.4.1/../../../../arm-none-eabi/lib/armv7e-m/fpu\libc_nano.a(lib_a-mlock.o)
 .ARM.attributes
                0x00000508       0x34 c:/users/dreamy/desktop/ac6/systemworkbench/plugins/fr.ac6.mcu.externaltools.arm-none.win32_1.13.3.201707031232/tools/compiler/bin/../lib/gcc/arm-none-eabi/5.4.1/../../../../arm-none-eabi/lib/armv7e-m/fpu\libc_nano.a(lib_a-nano-msizer.o)
 .ARM.attributes
                0x0000053c       0x34 c:/users/dreamy/desktop/ac6/systemworkbench/plugins/fr.ac6.mcu.externaltools.arm-none.win32_1.13.3.201707031232/tools/compiler/bin/../lib/gcc/arm-none-eabi/5.4.1/../../../../arm-none-eabi/lib/armv7e-m/fpu\libc_nano.a(lib_a-reent.o)
 .ARM.attributes
                0x00000570       0x34 c:/users/dreamy/desktop/ac6/systemworkbench/plugins/fr.ac6.mcu.externaltools.arm-none.win32_1.13.3.201707031232/tools/compiler/bin/../lib/gcc/arm-none-eabi/5.4.1/../../../../arm-none-eabi/lib/armv7e-m/fpu\libnosys.a(sbrk.o)
 .ARM.attributes
                0x000005a4       0x22 c:/users/dreamy/desktop/ac6/systemworkbench/plugins/fr.ac6.mcu.externaltools.arm-none.win32_1.13.3.201707031232/tools/compiler/bin/../lib/gcc/arm-none-eabi/5.4.1/armv7e-m/fpu/crtn.o
OUTPUT(Project.elf elf32-littlearm)

.debug_info     0x00000000     0x6c26
 .debug_info    0x00000000      0x928 Drivers/STM32F4xx_HAL_Driver/Src/stm32f4xx_hal.o
 .debug_info    0x00000928      0xf0d Drivers/STM32F4xx_HAL_Driver/Src/stm32f4xx_hal_cortex.o
 .debug_info    0x00001835      0x72a Drivers/STM32F4xx_HAL_Driver/Src/stm32f4xx_hal_gpio.o
 .debug_info    0x00001f5f      0xce5 Drivers/STM32F4xx_HAL_Driver/Src/stm32f4xx_hal_rcc.o
 .debug_info    0x00002c44     0x16b4 Drivers/STM32F4xx_HAL_Driver/Src/stm32f4xx_hal_uart.o
 .debug_info    0x000042f8     0x170b Src/main.o
 .debug_info    0x00005a03      0xbc3 Src/stm32f4xx_hal_msp.o
 .debug_info    0x000065c6       0xeb Src/stm32f4xx_it.o
 .debug_info    0x000066b1      0x500 Src/system_stm32f4xx.o
 .debug_info    0x00006bb1       0x75 startup/startup_stm32f407xx.o

.debug_abbrev   0x00000000     0x125f
 .debug_abbrev  0x00000000      0x25c Drivers/STM32F4xx_HAL_Driver/Src/stm32f4xx_hal.o
 .debug_abbrev  0x0000025c      0x2fe Drivers/STM32F4xx_HAL_Driver/Src/stm32f4xx_hal_cortex.o
 .debug_abbrev  0x0000055a      0x1cd Drivers/STM32F4xx_HAL_Driver/Src/stm32f4xx_hal_gpio.o
 .debug_abbrev  0x00000727      0x2b0 Drivers/STM32F4xx_HAL_Driver/Src/stm32f4xx_hal_rcc.o
 .debug_abbrev  0x000009d7      0x26f Drivers/STM32F4xx_HAL_Driver/Src/stm32f4xx_hal_uart.o
 .debug_abbrev  0x00000c46      0x2ca Src/main.o
 .debug_abbrev  0x00000f10      0x1a0 Src/stm32f4xx_hal_msp.o
 .debug_abbrev  0x000010b0       0x99 Src/stm32f4xx_it.o
 .debug_abbrev  0x00001149      0x104 Src/system_stm32f4xx.o
 .debug_abbrev  0x0000124d       0x12 startup/startup_stm32f407xx.o

.debug_loc      0x00000000     0x2511
 .debug_loc     0x00000000       0x91 Drivers/STM32F4xx_HAL_Driver/Src/stm32f4xx_hal.o
 .debug_loc     0x00000091      0x548 Drivers/STM32F4xx_HAL_Driver/Src/stm32f4xx_hal_cortex.o
 .debug_loc     0x000005d9      0x38f Drivers/STM32F4xx_HAL_Driver/Src/stm32f4xx_hal_gpio.o
 .debug_loc     0x00000968      0x622 Drivers/STM32F4xx_HAL_Driver/Src/stm32f4xx_hal_rcc.o
 .debug_loc     0x00000f8a     0x137a Drivers/STM32F4xx_HAL_Driver/Src/stm32f4xx_hal_uart.o
 .debug_loc     0x00002304       0x8e Src/main.o
 .debug_loc     0x00002392       0x4d Src/stm32f4xx_hal_msp.o
 .debug_loc     0x000023df      0x132 Src/system_stm32f4xx.o

.debug_aranges  0x00000000      0x500
 .debug_aranges
                0x00000000       0xc8 Drivers/STM32F4xx_HAL_Driver/Src/stm32f4xx_hal.o
 .debug_aranges
                0x000000c8       0xa8 Drivers/STM32F4xx_HAL_Driver/Src/stm32f4xx_hal_cortex.o
 .debug_aranges
                0x00000170       0x58 Drivers/STM32F4xx_HAL_Driver/Src/stm32f4xx_hal_gpio.o
 .debug_aranges
                0x000001c8       0x88 Drivers/STM32F4xx_HAL_Driver/Src/stm32f4xx_hal_rcc.o
 .debug_aranges
                0x00000250      0x1d0 Drivers/STM32F4xx_HAL_Driver/Src/stm32f4xx_hal_uart.o
 .debug_aranges
                0x00000420       0x40 Src/main.o
 .debug_aranges
                0x00000460       0x30 Src/stm32f4xx_hal_msp.o
 .debug_aranges
                0x00000490       0x20 Src/stm32f4xx_it.o
 .debug_aranges
                0x000004b0       0x28 Src/system_stm32f4xx.o
 .debug_aranges
                0x000004d8       0x28 startup/startup_stm32f407xx.o

.debug_ranges   0x00000000      0x468
 .debug_ranges  0x00000000       0xb8 Drivers/STM32F4xx_HAL_Driver/Src/stm32f4xx_hal.o
 .debug_ranges  0x000000b8       0x98 Drivers/STM32F4xx_HAL_Driver/Src/stm32f4xx_hal_cortex.o
 .debug_ranges  0x00000150       0x48 Drivers/STM32F4xx_HAL_Driver/Src/stm32f4xx_hal_gpio.o
 .debug_ranges  0x00000198       0x78 Drivers/STM32F4xx_HAL_Driver/Src/stm32f4xx_hal_rcc.o
 .debug_ranges  0x00000210      0x1c0 Drivers/STM32F4xx_HAL_Driver/Src/stm32f4xx_hal_uart.o
 .debug_ranges  0x000003d0       0x30 Src/main.o
 .debug_ranges  0x00000400       0x20 Src/stm32f4xx_hal_msp.o
 .debug_ranges  0x00000420       0x10 Src/stm32f4xx_it.o
 .debug_ranges  0x00000430       0x18 Src/system_stm32f4xx.o
 .debug_ranges  0x00000448       0x20 startup/startup_stm32f407xx.o

.debug_macro    0x00000000    0x1feaf
 .debug_macro   0x00000000      0x355 Drivers/STM32F4xx_HAL_Driver/Src/stm32f4xx_hal.o
 .debug_macro   0x00000355      0x898 Drivers/STM32F4xx_HAL_Driver/Src/stm32f4xx_hal.o
 .debug_macro   0x00000bed      0x19c Drivers/STM32F4xx_HAL_Driver/Src/stm32f4xx_hal.o
 .debug_macro   0x00000d89      0x17a Drivers/STM32F4xx_HAL_Driver/Src/stm32f4xx_hal.o
 .debug_macro   0x00000f03       0x33 Drivers/STM32F4xx_HAL_Driver/Src/stm32f4xx_hal.o
 .debug_macro   0x00000f36       0x28 Drivers/STM32F4xx_HAL_Driver/Src/stm32f4xx_hal.o
 .debug_macro   0x00000f5e       0x22 Drivers/STM32F4xx_HAL_Driver/Src/stm32f4xx_hal.o
 .debug_macro   0x00000f80       0x87 Drivers/STM32F4xx_HAL_Driver/Src/stm32f4xx_hal.o
 .debug_macro   0x00001007       0x44 Drivers/STM32F4xx_HAL_Driver/Src/stm32f4xx_hal.o
 .debug_macro   0x0000104b       0xfd Drivers/STM32F4xx_HAL_Driver/Src/stm32f4xx_hal.o
 .debug_macro   0x00001148       0x5e Drivers/STM32F4xx_HAL_Driver/Src/stm32f4xx_hal.o
 .debug_macro   0x000011a6      0x1df Drivers/STM32F4xx_HAL_Driver/Src/stm32f4xx_hal.o
 .debug_macro   0x00001385       0x35 Drivers/STM32F4xx_HAL_Driver/Src/stm32f4xx_hal.o
 .debug_macro   0x000013ba       0x50 Drivers/STM32F4xx_HAL_Driver/Src/stm32f4xx_hal.o
 .debug_macro   0x0000140a      0xe66 Drivers/STM32F4xx_HAL_Driver/Src/stm32f4xx_hal.o
 .debug_macro   0x00002270    0x15e04 Drivers/STM32F4xx_HAL_Driver/Src/stm32f4xx_hal.o
 .debug_macro   0x00018074       0x43 Drivers/STM32F4xx_HAL_Driver/Src/stm32f4xx_hal.o
 .debug_macro   0x000180b7     0x3574 Drivers/STM32F4xx_HAL_Driver/Src/stm32f4xx_hal.o
 .debug_macro   0x0001b62b       0x52 Drivers/STM32F4xx_HAL_Driver/Src/stm32f4xx_hal.o
 .debug_macro   0x0001b67d       0x35 Drivers/STM32F4xx_HAL_Driver/Src/stm32f4xx_hal.o
 .debug_macro   0x0001b6b2       0x9c Drivers/STM32F4xx_HAL_Driver/Src/stm32f4xx_hal.o
 .debug_macro   0x0001b74e       0x16 Drivers/STM32F4xx_HAL_Driver/Src/stm32f4xx_hal.o
 .debug_macro   0x0001b764       0x97 Drivers/STM32F4xx_HAL_Driver/Src/stm32f4xx_hal.o
 .debug_macro   0x0001b7fb      0x30d Drivers/STM32F4xx_HAL_Driver/Src/stm32f4xx_hal.o
 .debug_macro   0x0001bb08       0xfd Drivers/STM32F4xx_HAL_Driver/Src/stm32f4xx_hal.o
 .debug_macro   0x0001bc05       0x10 Drivers/STM32F4xx_HAL_Driver/Src/stm32f4xx_hal.o
 .debug_macro   0x0001bc15       0x52 Drivers/STM32F4xx_HAL_Driver/Src/stm32f4xx_hal.o
 .debug_macro   0x0001bc67       0x1f Drivers/STM32F4xx_HAL_Driver/Src/stm32f4xx_hal.o
 .debug_macro   0x0001bc86       0x43 Drivers/STM32F4xx_HAL_Driver/Src/stm32f4xx_hal.o
 .debug_macro   0x0001bcc9       0x20 Drivers/STM32F4xx_HAL_Driver/Src/stm32f4xx_hal.o
 .debug_macro   0x0001bce9      0x187 Drivers/STM32F4xx_HAL_Driver/Src/stm32f4xx_hal.o
 .debug_macro   0x0001be70       0x10 Drivers/STM32F4xx_HAL_Driver/Src/stm32f4xx_hal.o
 .debug_macro   0x0001be80       0x1c Drivers/STM32F4xx_HAL_Driver/Src/stm32f4xx_hal.o
 .debug_macro   0x0001be9c       0x52 Drivers/STM32F4xx_HAL_Driver/Src/stm32f4xx_hal.o
 .debug_macro   0x0001beee       0x40 Drivers/STM32F4xx_HAL_Driver/Src/stm32f4xx_hal.o
 .debug_macro   0x0001bf2e       0x10 Drivers/STM32F4xx_HAL_Driver/Src/stm32f4xx_hal.o
 .debug_macro   0x0001bf3e       0x40 Drivers/STM32F4xx_HAL_Driver/Src/stm32f4xx_hal.o
 .debug_macro   0x0001bf7e       0xd7 Drivers/STM32F4xx_HAL_Driver/Src/stm32f4xx_hal.o
 .debug_macro   0x0001c055       0x16 Drivers/STM32F4xx_HAL_Driver/Src/stm32f4xx_hal.o
 .debug_macro   0x0001c06b      0x18b Drivers/STM32F4xx_HAL_Driver/Src/stm32f4xx_hal.o
 .debug_macro   0x0001c1f6       0x50 Drivers/STM32F4xx_HAL_Driver/Src/stm32f4xx_hal.o
 .debug_macro   0x0001c246      0x96b Drivers/STM32F4xx_HAL_Driver/Src/stm32f4xx_hal.o
 .debug_macro   0x0001cbb1      0x9e1 Drivers/STM32F4xx_HAL_Driver/Src/stm32f4xx_hal.o
 .debug_macro   0x0001d592      0x11e Drivers/STM32F4xx_HAL_Driver/Src/stm32f4xx_hal.o
 .debug_macro   0x0001d6b0      0x13e Drivers/STM32F4xx_HAL_Driver/Src/stm32f4xx_hal.o
 .debug_macro   0x0001d7ee       0x27 Drivers/STM32F4xx_HAL_Driver/Src/stm32f4xx_hal.o
 .debug_macro   0x0001d815      0x287 Drivers/STM32F4xx_HAL_Driver/Src/stm32f4xx_hal.o
 .debug_macro   0x0001da9c       0x5f Drivers/STM32F4xx_HAL_Driver/Src/stm32f4xx_hal.o
 .debug_macro   0x0001dafb      0x23a Drivers/STM32F4xx_HAL_Driver/Src/stm32f4xx_hal.o
 .debug_macro   0x0001dd35      0x133 Drivers/STM32F4xx_HAL_Driver/Src/stm32f4xx_hal.o
 .debug_macro   0x0001de68      0x21e Drivers/STM32F4xx_HAL_Driver/Src/stm32f4xx_hal.o
 .debug_macro   0x0001e086       0x2e Drivers/STM32F4xx_HAL_Driver/Src/stm32f4xx_hal.o
 .debug_macro   0x0001e0b4      0x11e Drivers/STM32F4xx_HAL_Driver/Src/stm32f4xx_hal.o
 .debug_macro   0x0001e1d2       0x7f Drivers/STM32F4xx_HAL_Driver/Src/stm32f4xx_hal.o
 .debug_macro   0x0001e251       0x89 Drivers/STM32F4xx_HAL_Driver/Src/stm32f4xx_hal.o
 .debug_macro   0x0001e2da      0x287 Drivers/STM32F4xx_HAL_Driver/Src/stm32f4xx_hal.o
 .debug_macro   0x0001e561      0x125 Drivers/STM32F4xx_HAL_Driver/Src/stm32f4xx_hal.o
 .debug_macro   0x0001e686      0x2f5 Drivers/STM32F4xx_HAL_Driver/Src/stm32f4xx_hal_cortex.o
 .debug_macro   0x0001e97b      0x32d Drivers/STM32F4xx_HAL_Driver/Src/stm32f4xx_hal_gpio.o
 .debug_macro   0x0001eca8      0x31f Drivers/STM32F4xx_HAL_Driver/Src/stm32f4xx_hal_rcc.o
 .debug_macro   0x0001efc7      0x2f6 Drivers/STM32F4xx_HAL_Driver/Src/stm32f4xx_hal_uart.o
 .debug_macro   0x0001f2bd      0x303 Src/main.o
 .debug_macro   0x0001f5c0      0x2f5 Src/stm32f4xx_hal_msp.o
 .debug_macro   0x0001f8b5      0x2ff Src/stm32f4xx_it.o
 .debug_macro   0x0001fbb4      0x2fb Src/system_stm32f4xx.o

.debug_line     0x00000000     0x5937
 .debug_line    0x00000000      0x971 Drivers/STM32F4xx_HAL_Driver/Src/stm32f4xx_hal.o
 .debug_line    0x00000971      0x9ce Drivers/STM32F4xx_HAL_Driver/Src/stm32f4xx_hal_cortex.o
 .debug_line    0x0000133f      0x948 Drivers/STM32F4xx_HAL_Driver/Src/stm32f4xx_hal_gpio.o
 .debug_line    0x00001c87      0xaee Drivers/STM32F4xx_HAL_Driver/Src/stm32f4xx_hal_rcc.o
 .debug_line    0x00002775     0x106b Drivers/STM32F4xx_HAL_Driver/Src/stm32f4xx_hal_uart.o
 .debug_line    0x000037e0      0x92a Src/main.o
 .debug_line    0x0000410a      0x7f6 Src/stm32f4xx_hal_msp.o
 .debug_line    0x00004900      0x7ce Src/stm32f4xx_it.o
 .debug_line    0x000050ce      0x7ea Src/system_stm32f4xx.o
 .debug_line    0x000058b8       0x7f startup/startup_stm32f407xx.o

.debug_str      0x00000000    0xbbf3f
 .debug_str     0x00000000    0xba9f8 Drivers/STM32F4xx_HAL_Driver/Src/stm32f4xx_hal.o
                              0xbad74 (size before relaxing)
 .debug_str     0x000ba9f8      0x3b8 Drivers/STM32F4xx_HAL_Driver/Src/stm32f4xx_hal_cortex.o
                              0xbab3c (size before relaxing)
 .debug_str     0x000badb0      0x292 Drivers/STM32F4xx_HAL_Driver/Src/stm32f4xx_hal_gpio.o
                              0xba4ca (size before relaxing)
 .debug_str     0x000bb042      0x39c Drivers/STM32F4xx_HAL_Driver/Src/stm32f4xx_hal_rcc.o
                              0xba6c7 (size before relaxing)
 .debug_str     0x000bb3de      0x93e Drivers/STM32F4xx_HAL_Driver/Src/stm32f4xx_hal_uart.o
                              0xbab0f (size before relaxing)
 .debug_str     0x000bbd1c      0x176 Src/main.o
                              0xbaf0e (size before relaxing)
 .debug_str     0x000bbe92       0x1b Src/stm32f4xx_hal_msp.o
                              0xbabc5 (size before relaxing)
 .debug_str     0x000bbead       0x38 Src/stm32f4xx_it.o
                              0xba100 (size before relaxing)
 .debug_str     0x000bbee5       0x5a Src/system_stm32f4xx.o
                              0xba2b2 (size before relaxing)

.comment        0x00000000       0x6e
 .comment       0x00000000       0x6e Drivers/STM32F4xx_HAL_Driver/Src/stm32f4xx_hal.o
                                 0x6f (size before relaxing)
 .comment       0x0000006e       0x6f Drivers/STM32F4xx_HAL_Driver/Src/stm32f4xx_hal_cortex.o
 .comment       0x0000006e       0x6f Drivers/STM32F4xx_HAL_Driver/Src/stm32f4xx_hal_gpio.o
 .comment       0x0000006e       0x6f Drivers/STM32F4xx_HAL_Driver/Src/stm32f4xx_hal_rcc.o
 .comment       0x0000006e       0x6f Drivers/STM32F4xx_HAL_Driver/Src/stm32f4xx_hal_uart.o
 .comment       0x0000006e       0x6f Src/main.o
 .comment       0x0000006e       0x6f Src/stm32f4xx_hal_msp.o
 .comment       0x0000006e       0x6f Src/stm32f4xx_it.o
 .comment       0x0000006e       0x6f Src/system_stm32f4xx.o

.debug_frame    0x00000000      0xeb4
 .debug_frame   0x00000000      0x198 Drivers/STM32F4xx_HAL_Driver/Src/stm32f4xx_hal.o
 .debug_frame   0x00000198      0x154 Drivers/STM32F4xx_HAL_Driver/Src/stm32f4xx_hal_cortex.o
 .debug_frame   0x000002ec       0xc4 Drivers/STM32F4xx_HAL_Driver/Src/stm32f4xx_hal_gpio.o
 .debug_frame   0x000003b0      0x150 Drivers/STM32F4xx_HAL_Driver/Src/stm32f4xx_hal_rcc.o
 .debug_frame   0x00000500      0x4e8 Drivers/STM32F4xx_HAL_Driver/Src/stm32f4xx_hal_uart.o
 .debug_frame   0x000009e8       0xa0 Src/main.o
 .debug_frame   0x00000a88       0x60 Src/stm32f4xx_hal_msp.o
 .debug_frame   0x00000ae8       0x28 Src/stm32f4xx_it.o
 .debug_frame   0x00000b10       0x30 Src/system_stm32f4xx.o
 .debug_frame   0x00000b40       0x2c c:/users/dreamy/desktop/ac6/systemworkbench/plugins/fr.ac6.mcu.externaltools.arm-none.win32_1.13.3.201707031232/tools/compiler/bin/../lib/gcc/arm-none-eabi/5.4.1/../../../../arm-none-eabi/lib/armv7e-m/fpu\libc_nano.a(lib_a-init.o)
 .debug_frame   0x00000b6c       0x70 c:/users/dreamy/desktop/ac6/systemworkbench/plugins/fr.ac6.mcu.externaltools.arm-none.win32_1.13.3.201707031232/tools/compiler/bin/../lib/gcc/arm-none-eabi/5.4.1/../../../../arm-none-eabi/lib/armv7e-m/fpu\libc_nano.a(lib_a-sprintf.o)
 .debug_frame   0x00000bdc       0x90 c:/users/dreamy/desktop/ac6/systemworkbench/plugins/fr.ac6.mcu.externaltools.arm-none.win32_1.13.3.201707031232/tools/compiler/bin/../lib/gcc/arm-none-eabi/5.4.1/../../../../arm-none-eabi/lib/armv7e-m/fpu\libc_nano.a(lib_a-nano-svfprintf.o)
 .debug_frame   0x00000c6c       0x60 c:/users/dreamy/desktop/ac6/systemworkbench/plugins/fr.ac6.mcu.externaltools.arm-none.win32_1.13.3.201707031232/tools/compiler/bin/../lib/gcc/arm-none-eabi/5.4.1/../../../../arm-none-eabi/lib/armv7e-m/fpu\libc_nano.a(lib_a-nano-vfprintf_i.o)
 .debug_frame   0x00000ccc       0x28 c:/users/dreamy/desktop/ac6/systemworkbench/plugins/fr.ac6.mcu.externaltools.arm-none.win32_1.13.3.201707031232/tools/compiler/bin/../lib/gcc/arm-none-eabi/5.4.1/../../../../arm-none-eabi/lib/armv7e-m/fpu\libc_nano.a(lib_a-memcpy-stub.o)
 .debug_frame   0x00000cf4       0x28 c:/users/dreamy/desktop/ac6/systemworkbench/plugins/fr.ac6.mcu.externaltools.arm-none.win32_1.13.3.201707031232/tools/compiler/bin/../lib/gcc/arm-none-eabi/5.4.1/../../../../arm-none-eabi/lib/armv7e-m/fpu\libc_nano.a(lib_a-memmove.o)
 .debug_frame   0x00000d1c       0x38 c:/users/dreamy/desktop/ac6/systemworkbench/plugins/fr.ac6.mcu.externaltools.arm-none.win32_1.13.3.201707031232/tools/compiler/bin/../lib/gcc/arm-none-eabi/5.4.1/../../../../arm-none-eabi/lib/armv7e-m/fpu\libc_nano.a(lib_a-nano-freer.o)
 .debug_frame   0x00000d54       0x2c c:/users/dreamy/desktop/ac6/systemworkbench/plugins/fr.ac6.mcu.externaltools.arm-none.win32_1.13.3.201707031232/tools/compiler/bin/../lib/gcc/arm-none-eabi/5.4.1/../../../../arm-none-eabi/lib/armv7e-m/fpu\libc_nano.a(lib_a-nano-mallocr.o)
 .debug_frame   0x00000d80       0x3c c:/users/dreamy/desktop/ac6/systemworkbench/plugins/fr.ac6.mcu.externaltools.arm-none.win32_1.13.3.201707031232/tools/compiler/bin/../lib/gcc/arm-none-eabi/5.4.1/../../../../arm-none-eabi/lib/armv7e-m/fpu\libc_nano.a(lib_a-nano-reallocr.o)
 .debug_frame   0x00000dbc       0x2c c:/users/dreamy/desktop/ac6/systemworkbench/plugins/fr.ac6.mcu.externaltools.arm-none.win32_1.13.3.201707031232/tools/compiler/bin/../lib/gcc/arm-none-eabi/5.4.1/../../../../arm-none-eabi/lib/armv7e-m/fpu\libc_nano.a(lib_a-sbrkr.o)
 .debug_frame   0x00000de8       0x30 c:/users/dreamy/desktop/ac6/systemworkbench/plugins/fr.ac6.mcu.externaltools.arm-none.win32_1.13.3.201707031232/tools/compiler/bin/../lib/gcc/arm-none-eabi/5.4.1/../../../../arm-none-eabi/lib/armv7e-m/fpu\libc_nano.a(lib_a-mlock.o)
 .debug_frame   0x00000e18       0x20 c:/users/dreamy/desktop/ac6/systemworkbench/plugins/fr.ac6.mcu.externaltools.arm-none.win32_1.13.3.201707031232/tools/compiler/bin/../lib/gcc/arm-none-eabi/5.4.1/../../../../arm-none-eabi/lib/armv7e-m/fpu\libc_nano.a(lib_a-nano-msizer.o)
 .debug_frame   0x00000e38       0x5c c:/users/dreamy/desktop/ac6/systemworkbench/plugins/fr.ac6.mcu.externaltools.arm-none.win32_1.13.3.201707031232/tools/compiler/bin/../lib/gcc/arm-none-eabi/5.4.1/../../../../arm-none-eabi/lib/armv7e-m/fpu\libc_nano.a(lib_a-reent.o)
 .debug_frame   0x00000e94       0x20 c:/users/dreamy/desktop/ac6/systemworkbench/plugins/fr.ac6.mcu.externaltools.arm-none.win32_1.13.3.201707031232/tools/compiler/bin/../lib/gcc/arm-none-eabi/5.4.1/../../../../arm-none-eabi/lib/armv7e-m/fpu\libnosys.a(sbrk.o)
